>>> matrix_divided = __import__('2-matrix_divided').matrix_divided

Test normal cases
>>> matrix_divided([[1, 2, 3], [4, 5, 6]], 3)
[[0.33, 0.67, 1.0], [1.33, 1.67, 2.0]]

>>> matrix_divided([[1.5, 2.5, 3.5], [4.5, 5.5, 6.5]], 2)
[[0.75, 1.25, 1.75], [2.25, 2.75, 3.25]]

>>> matrix_divided([[10, 20], [30, 40], [50, 60]], 2)
[[5.0, 10.0], [15.0, 20.0], [25.0, 30.0]]

Test with negative numbers
>>> matrix_divided([[1, -2, 3], [-4, 5, -6]], 2)
[[0.5, -1.0, 1.5], [-2.0, 2.5, -3.0]]

Test with float divisor
>>> matrix_divided([[1, 2, 3], [4, 5, 6]], 2.5)
[[0.4, 0.8, 1.2], [1.6, 2.0, 2.4]]

Test with single row matrix
>>> matrix_divided([[1, 2, 3, 4]], 2)
[[0.5, 1.0, 1.5, 2.0]]

Test with single element matrix
>>> matrix_divided([[1]], 2)
[[0.5]]

Error cases - matrix validation
>>> matrix_divided("not a matrix", 1)
Traceback (most recent call last):
...
TypeError: matrix must be a matrix (list of lists) of integers/floats

>>> matrix_divided([[1, 2], [3, 4, 5]], 1)
Traceback (most recent call last):
...
TypeError: Each row of the matrix must have the same size

>>> matrix_divided([[1, 2], [3, "4"]], 1)
Traceback (most recent call last):
...
TypeError: matrix must be a matrix (list of lists) of integers/floats

>>> matrix_divided([], 1)
Traceback (most recent call last):
...
TypeError: matrix must be a matrix (list of lists) of integers/floats

>>> matrix_divided([[]], 1)
Traceback (most recent call last):
...
TypeError: matrix must be a matrix (list of lists) of integers/floats

Error cases - div validation
>>> matrix_divided([[1, 2], [3, 4]], 0)
Traceback (most recent call last):
...
ZeroDivisionError: division by zero

>>> matrix_divided([[1, 2], [3, 4]], "not a number")
Traceback (most recent call last):
...
TypeError: div must be a number

>>> matrix_divided([[1, 2], [3, 4]], None)
Traceback (most recent call last):
...
TypeError: div must be a number

Test rounding to 2 decimal places
>>> matrix_divided([[1, 2, 3], [4, 5, 6]], 3)
[[0.33, 0.67, 1.0], [1.33, 1.67, 2.0]]

>>> matrix_divided([[1, 1, 1], [1, 1, 1]], 3)
[[0.33, 0.33, 0.33], [0.33, 0.33, 0.33]]

Test with infinity as divisor
>>> matrix_divided([[1, 2, 3], [4, 5, 6]], float('inf'))
[[0.0, 0.0, 0.0], [0.0, 0.0, 0.0]]

Test with negative infinity as divisor  
>>> matrix_divided([[1, 2, 3], [4, 5, 6]], float('-inf'))
[[-0.0, -0.0, -0.0], [-0.0, -0.0, -0.0]]
